// Jest Snapshot v1, https://goo.gl/fbAQLP

exports[`<App /> should render and match the snapshot 1`] = `
<BrowserRouter>
  <Helmet
    defaultTitle="React Boilerplate"
    defer={true}
    encodeSpecialCharacters={true}
    htmlAttributes={
      Object {
        "lang": undefined,
      }
    }
    prioritizeSeoTags={false}
    titleTemplate="%s - React Boilerplate"
  >
    <meta
      content="A React Boilerplate application"
      name="description"
    />
  </Helmet>
  <div
    className="flex"
  >
    <div
      className="w-64 max-[640px]:w-20"
    >
      <Sidebar />
    </div>
    <div
      className="bg-gray-50 dark:bg-gray-900 flex-1 overflow-auto"
    >
      <Container>
        <React.Suspense
          fallback="Loading..."
        >
          <Routes>
            <Route
              element={<Users />}
              path="/users"
            />
            <Route
              element={<Payments />}
              path="/payments"
            />
            <Route
              element={<Laboratory />}
              path="/laboratory"
            />
            <Route
              element={<Info />}
              path="/info"
            />
            <Route
              element={<Scanner />}
              path="/scanner"
            />
            <Route
              element={<Unknown />}
              path="*"
            />
          </Routes>
        </React.Suspense>
      </Container>
    </div>
  </div>
  <Memo(l) />
</BrowserRouter>
`;
